
> todo-redux@0.0.0 test
> vitest --run --reporter verbose


[1m[46m RUN [49m[22m [36mv4.1.2 [39m[90mD:/Projects/ToDo-redux[39m


[2m Test Files [22m [2mno tests[22m
[2m      Tests [22m [2mno tests[22m
[2m     Errors [22m [1m[31m3 errors[39m[22m
[2m   Start at [22m 11:15:30
[2m   Duration [22m 697ms[2m (transform 0ms, setup 0ms, import 0ms, tests 0ms, environment 0ms)[22m

